../Core/Src/main.c:48:5:main	8	static
../Core/Src/main.c:112:6:DWT_Delay_Init	4	static
../Core/Src/main.c:118:10:pulseIn	40	static
../Core/Src/main.c:144:6:delay_us	24	static
../Core/Src/main.c:158:6:forward	16	static
../Core/Src/main.c:175:6:backward	16	static
../Core/Src/main.c:192:6:turnLeft	8	static
../Core/Src/main.c:208:6:turnRight	8	static
../Core/Src/main.c:224:6:brake	8	static
../Core/Src/main.c:239:6:noPower	4	static
../Core/Src/main.c:261:9:isObjectFront	16	static
../Core/Src/main.c:276:9:isObjectRight	16	static
../Core/Src/main.c:291:9:isObjectLeft	16	static
../Core/Src/main.c:379:6:SystemClock_Config	88	static
../Core/Src/main.c:430:6:Error_Handler	4	static,ignoring_inline_asm
